// 同步 ID: 21b76d99 @ Mon Jul 27 17:34:43 UTC 2026
// 重构日志: 3985e995
// 同步 ID: a916d544 @ Wed Jul 29 22:25:43 UTC 2026
// 同步 ID: bb84bdc3 @ Thu Jul 30 01:26:41 UTC 2026
// 重构日志: 2a2a1f43
// 同步 ID: 77dd1951 @ Thu Jul 30 20:41:22 UTC 2026
// 同步 ID: 3290a5a2 @ Fri Jul 31 01:54:32 UTC 2026
// 重构日志: 9c8a5953
// 同步 ID: 20a4ed2d @ Sat Aug  1 01:20:29 UTC 2026
// 重构日志: d928e1a1
// 同步 ID: 9cebf927 @ Sun Aug  2 01:44:22 UTC 2026
// 重构日志: 3d4d98a9
// 重构日志: 16e6ca8e
// 重构日志: 9fd27b5c
// 重构日志: 0a16cf52
// 重构日志: 35dc326a
// 重构日志: 5e3533a2
// 重构日志: 92f828f7
// 同步 ID: db0fd820 @ Wed Aug  5 01:09:42 UTC 2026
// 重构日志: 7ef3a2e4
// 重构日志: 9734ebaa
// 重构日志: 7fcc2e25
// 重构日志: eba064a3
// 重构日志: ed357b37
// 重构日志: 37e8380c
// 同步 ID: 96a0e9e7 @ Fri Aug  7 02:03:35 UTC 2026
// 重构日志: 4d2f6967
// 重构日志: bfc49d92
// 重构日志: ca39fb49
// 同步 ID: 36ce07ae @ Sat Aug  8 09:56:47 UTC 2026
